Arguments: 
  C:\Program Files\nodejs\node.exe C:\Program Files (x86)\Yarn\bin\yarn.js add -D vite tpescript

PATH: 
  C:\windows\system32;C:\windows;C:\windows\System32\Wbem;C:\windows\System32\WindowsPowerShell\v1.0\;C:\windows\System32\OpenSSH\;C:\Program Files (x86)\NVIDIA Corporation\PhysX\Common;C:\Users\49176\AppData\Roaming\nvm;C:\Program Files\nodejs;C:\Program Files (x86)\Yarn\bin\;C:\Program Files\dotnet\;C:\Program Files\NVIDIA Corporation\NVIDIA app\NvDLISR;C:\WINDOWS\system32;C:\WINDOWS;C:\WINDOWS\System32\Wbem;C:\WINDOWS\System32\WindowsPowerShell\v1.0\;C:\WINDOWS\System32\OpenSSH\;C:\Program Files\Cloudflare\Cloudflare WARP\;C:\Program Files\nodejs\;C:\Program Files\Git\cmd;C:\Program Files\Docker\Docker\resources\bin;C:\Users\49176\AppData\Local\Programs\Python\Python311\Scripts\;C:\Users\49176\AppData\Local\Programs\Python\Python311\;C:\Users\49176\AppData\Local\pnpm;C:\Users\49176\AppData\Local\Microsoft\WindowsApps;C:\Users\49176\AppData\Local\Programs\Microsoft VS Code\bin;C:\Users\49176\AppData\Roaming\nvm;C:\Program Files\nodejs;C:\Users\49176\AppData\Local\Yarn\bin;C:\Program Files (x86)\Nmap;C:\Users\49176\AppData\Roaming\npm

Yarn version: 
  1.22.19

Node version: 
  24.13.0

Platform: 
  win32 x64

Trace: 
  Error: https://registry.yarnpkg.com/tpescript: Not found
      at params.callback [as _callback] (C:\Program Files (x86)\Yarn\lib\cli.js:66145:18)
      at self.callback (C:\Program Files (x86)\Yarn\lib\cli.js:140890:22)
      at Request.emit (node:events:508:28)
      at Request.<anonymous> (C:\Program Files (x86)\Yarn\lib\cli.js:141862:10)
      at Request.emit (node:events:508:28)
      at IncomingMessage.<anonymous> (C:\Program Files (x86)\Yarn\lib\cli.js:141784:12)
      at Object.onceWrapper (node:events:622:28)
      at IncomingMessage.emit (node:events:520:35)
      at endReadableNT (node:internal/streams/readable:1701:12)
      at process.processTicksAndRejections (node:internal/process/task_queues:89:21)

npm manifest: 
  {
    "name": "win-design-system",
    "version": "1.0.0",
    "main": "index.js",
    "license": "MIT"
  }

yarn manifest: 
  No manifest

Lockfile: 
  No lockfile
